[fabrx.co/muze/html/templates/saas-style-three.html]
[backblue.gif]
[fade.gif]
[index.html]
[fabrx.co/muze/assets/vendor/swiper/swiper-bundle.min.css]
[fabrx.co/muze/assets/vendor/aos/dist/aos.css]
[fabrx.co/muze/assets/css/theme.min.css]
[fabrx.co/muze/html/templates/saas-style-one.html]
[fabrx.co/muze/html/templates/saas-style-two.html]
[fabrx.co/muze/html/templates/dashboard.html]
[fabrx.co/muze/html/templates/dashboard-dark.html]
[fabrx.co/muze/html/templates/education.html]
[fabrx.co/muze/html/templates/portfolio.html]
[fabrx.co/muze/html/templates/travel.html]
[fabrx.co/muze/html/templates/agency.html]
[fabrx.co/muze/html/templates/studio.html]
[fabrx.co/muze/html/templates/ecommerce.html]
[fabrx.co/muze/html/templates/clinic.html]
[fabrx.co/muze/html/templates/magazine.html]
[fabrx.co/muze/assets/img/templates/comprose.png]
[fabrx.co/muze/assets/img/templates/step2.jpg]
[fabrx.co/muze/assets/img/templates/powerfull.png]
[fabrx.co/cdn-cgi/scripts/5c5dd728/cloudflare-static/email-decode.min.js]
[fabrx.co/muze/assets/vendor/bootstrap/dist/js/bootstrap.bundle.min.js]
[fabrx.co/muze/assets/vendor/lodash/lodash.min.js]
[fabrx.co/muze/assets/vendor/swiper/swiper-bundle.min.js]
[fabrx.co/muze/assets/vendor/purecounterjs/dist/purecounter.js]
[fabrx.co/muze/assets/vendor/aos/dist/aos.js]
[fabrx.co/muze/assets/js/theme-custom.js]
[fabrx.co/muze/html/templates/saas-style-three.html]
[fabrx.co/muze/assets/vendor/swiper/swiper-bundle.min.css]
[fabrx.co/muze/assets/vendor/aos/dist/aos.css]
[fabrx.co/muze/assets/css/theme.min.css]
[fabrx.co/cdn-cgi/scripts/7d0fa10a/cloudflare-static/rocket-loader.min.js]
[connect.facebook.net/en_US/fbevents.js]
[fabrx.co/muze/assets/img/templates/maindemo-banner2.png]
[fabrx.co/muze/assets/img/templates/figma.png]
[fabrx.co/muze/assets/img/templates/get-started.png]
[fabrx.co/muze/html/templates/saas-style-one.html]
[fabrx.co/muze/assets/vendor/typed.js/lib/typed.min.js]
[fabrx.co/muze/assets/img/templates/saas-banner.jpg]
[fabrx.co/muze/assets/img/templates/start-trial.jpg]
[fabrx.co/muze/html/templates/saas-style-two.html]
[fabrx.co/muze/assets/vendor/simplebar/dist/simplebar.min.css]
[fabrx.co/muze/assets/img/templates/avatar2.png]
[fabrx.co/muze/assets/img/templates/avatar3.png]
[fabrx.co/muze/assets/img/templates/avatar4.png]
[fabrx.co/muze/assets/img/dashboard/avatar30.png]
[fabrx.co/muze/assets/img/dashboard/avatar31.png]
[fabrx.co/muze/assets/img/dashboard/avatar32.png]
[fabrx.co/muze/assets/img/dashboard/avatar33.png]
[fabrx.co/muze/assets/img/dashboard/avatar2.png]
[fabrx.co/muze/assets/img/dashboard/avatar3.png]
[fabrx.co/muze/assets/img/dashboard/avatar4.png]
[fabrx.co/muze/assets/vendor/highcharts/highmaps.js]
[fabrx.co/muze/assets/vendor/highcharts/modules/data.js]
[fabrx.co/muze/assets/vendor/highcharts/mapdata/countries/us/us-all.js]
[fabrx.co/muze/html/templates/dashboard.html]
[fabrx.co/muze/html/templates/dashboard-dark.html]
[fabrx.co/muze/assets/vendor/simplebar/dist/simplebar.min.js]
[fabrx.co/muze/assets/img/templates/philoshopy.jpg]
[fabrx.co/muze/assets/img/templates/course1.jpg]
[fabrx.co/muze/assets/img/templates/avatar25.png]
[fabrx.co/muze/assets/img/templates/course2.jpg]
[fabrx.co/muze/assets/img/templates/avatar26.png]
[fabrx.co/muze/assets/img/templates/course3.jpg]
[fabrx.co/muze/assets/img/templates/avatar27.png]
[fabrx.co/muze/assets/img/templates/course4.jpg]
[fabrx.co/muze/assets/img/templates/avatar28.png]
[fabrx.co/muze/assets/img/templates/course5.jpg]
[fabrx.co/muze/assets/img/templates/avatar29.png]
[fabrx.co/muze/assets/img/templates/course6.jpg]
[fabrx.co/muze/assets/img/templates/avatar30.png]
[fabrx.co/muze/assets/img/templates/teacher1.jpg]
[fabrx.co/muze/assets/img/templates/teacher2.jpg]
[fabrx.co/muze/assets/img/templates/teacher3.jpg]
[fabrx.co/muze/assets/img/templates/teacher4.jpg]
[fabrx.co/muze/html/templates/education.html]
[fabrx.co/muze/assets/img/templates/portfolio1.jpg]
[fabrx.co/muze/assets/img/templates/portfolio2.jpg]
[fabrx.co/muze/assets/img/templates/portfolio3.jpg]
[fabrx.co/muze/assets/img/templates/portfolio4.jpg]
[fabrx.co/muze/assets/img/templates/portfolio5.jpg]
[fabrx.co/muze/assets/img/templates/portfolio6.jpg]
[fabrx.co/muze/html/templates/portfolio.html]
[fabrx.co/muze/assets/vendor/flatpickr/dist/flatpickr.min.css]
[fabrx.co/muze/assets/img/templates/travel1.jpg]
[fabrx.co/muze/assets/img/templates/travel2.jpg]
[fabrx.co/muze/assets/img/templates/travel3.jpg]
[fabrx.co/muze/assets/img/templates/travel4.jpg]
[fabrx.co/muze/assets/img/templates/travel5.jpg]
[fabrx.co/muze/assets/img/templates/travel6.jpg]
[fabrx.co/muze/assets/img/templates/travel7.jpg]
[fabrx.co/muze/assets/img/templates/travel8.jpg]
[fabrx.co/muze/assets/img/templates/travel9.jpg]
[fabrx.co/muze/assets/img/templates/travel10.jpg]
[fabrx.co/muze/assets/img/templates/travel11.jpg]
[fabrx.co/muze/assets/img/templates/travel12.jpg]
[fabrx.co/muze/assets/img/templates/travel13.jpg]
[fabrx.co/muze/assets/vendor/flatpickr/dist/flatpickr.min.js]
[fabrx.co/muze/assets/vendor/progressbar/dist/progressbar.min.js]
[fabrx.co/muze/html/templates/travel.html]
[fabrx.co/muze/assets/vendor/dropzone/dist/min/dropzone.min.js]
[fabrx.co/muze/assets/img/templates/latest-work1.jpg]
[fabrx.co/muze/assets/img/templates/latest-work2.jpg]
[fabrx.co/muze/assets/img/templates/latest-work3.jpg]
[fabrx.co/muze/assets/img/templates/latest-work4.jpg]
[fabrx.co/muze/html/templates/agency.html]
[fabrx.co/muze/assets/img/templates/studio-banner.png]
[fabrx.co/muze/assets/img/templates/plateform4.jpg]
[fabrx.co/muze/assets/img/templates/platform1.jpg]
[fabrx.co/muze/assets/img/templates/plateform2.jpg]
[fabrx.co/muze/assets/img/templates/plateform3.jpg]
[fabrx.co/muze/assets/img/templates/hiring.png]
[fabrx.co/muze/html/templates/studio.html]
[fabrx.co/muze/assets/img/templates/bitmap.png]
[fabrx.co/muze/assets/img/templates/headphone2.jpg]
[fabrx.co/muze/assets/img/templates/keyboard.jpg]
[fabrx.co/muze/assets/img/templates/music-player.jpg]
[fabrx.co/muze/assets/img/templates/amp.jpg]
[fabrx.co/muze/assets/img/templates/headphone.jpg]
[fabrx.co/muze/assets/img/templates/gaming.jpg]
[fabrx.co/muze/assets/img/templates/equipment.jpg]
[fabrx.co/muze/assets/img/templates/keyboard2.jpg]
[fabrx.co/muze/assets/img/templates/new-arrival1.jpg]
[fabrx.co/muze/assets/img/templates/new-arrival2.jpg]
[fabrx.co/muze/assets/img/templates/new-arrival3.jpg]
[fabrx.co/muze/assets/img/templates/new-arrival4.jpg]
[fabrx.co/muze/html/templates/ecommerce.html]
[fabrx.co/muze/assets/img/templates/about-clinic.jpg]
[fabrx.co/muze/assets/img/templates/team-clinic1.jpg]
[fabrx.co/muze/assets/img/templates/team-clinic2.jpg]
[fabrx.co/muze/assets/img/templates/team-clinic.jpg]
[fabrx.co/muze/assets/img/templates/team-clinic4.jpg]
[fabrx.co/muze/assets/img/templates/team-clinic5.jpg]
[fabrx.co/muze/assets/img/templates/team-clinic6.jpg]
[fabrx.co/muze/html/templates/clinic.html]
[fabrx.co/muze/assets/img/templates/magazine1.jpg]
[fabrx.co/muze/assets/img/templates/magazine2.jpg]
[fabrx.co/muze/assets/img/templates/avatar24.png]
[fabrx.co/muze/assets/img/templates/magazine3.jpg]
[fabrx.co/muze/assets/img/templates/avatar17.png]
[fabrx.co/muze/assets/img/templates/magazine4.jpg]
[fabrx.co/muze/assets/img/templates/avatar18.png]
[fabrx.co/muze/assets/img/templates/magazine5.jpg]
[fabrx.co/muze/assets/img/templates/magazine6.jpg]
[fabrx.co/muze/assets/img/templates/magazine7.jpg]
[fabrx.co/muze/assets/img/templates/magazine8.jpg]
[fabrx.co/muze/assets/img/templates/magazine9.jpg]
[fabrx.co/muze/assets/img/templates/gaming1.jpg]
[fabrx.co/muze/assets/img/templates/gaming2.jpg]
[fabrx.co/muze/assets/img/templates/magazine10.jpg]
[fabrx.co/muze/assets/img/templates/avatar20.png]
[fabrx.co/muze/assets/img/templates/magazine14.jpg]
[fabrx.co/muze/assets/img/templates/avatar21.png]
[fabrx.co/muze/assets/img/templates/magazine15.jpg]
[fabrx.co/muze/assets/img/templates/avatar22.png]
[fabrx.co/muze/assets/img/templates/magazine16.jpg]
[fabrx.co/muze/assets/img/templates/avatar23.png]
[fabrx.co/muze/assets/img/templates/magazine11.jpg]
[fabrx.co/muze/assets/img/templates/magazine12.jpg]
[fabrx.co/muze/assets/img/templates/magazine13.jpg]
[fabrx.co/muze/html/templates/magazine.html]
[fabrx.co/muze/html/templates/c]
[fabrx.co/muze/html/templates/b]
[fabrx.co/muze/html/templates/POST]
[connect.facebook.net/en_US/fbevents.js]
[fabrx.co/muze/assets/vendor/simplebar/dist/simplebar.min.css]
[fabrx.co/muze/assets/vendor/flatpickr/dist/flatpickr.min.css]
[fabrx.co/muze/html/templates/c.html]
[fabrx.co/muze/html/templates/b.html]
[fabrx.co/muze/html/templates/POST.html]
